Date/Time:       2025-10-30 19:34:16 
Command line:    C:\Users\dell\AppData\Local\Programs\Python\Python313\Lib\site-packages\briefcase\__main__.py create android

OS Release:      Windows 10
OS Version:      10.0.19045
Architecture:    AMD64
Platform:        Windows-10-10.0.19045-SP0

Python exe:      C:\Users\dell\AppData\Local\Programs\Python\Python313\python.exe
Python version:  3.13.9 (tags/v3.13.9:8183fa5, Oct 14 2025, 14:09:13) [MSC v.1944 64 bit (AMD64)]
Virtual env:     False
Conda env:       False

Briefcase:       0.3.25
Target platform: android
Target format:   gradle

Environment Variables:
	ALLUSERSPROFILE=C:\ProgramData
	APPDATA=C:\Users\dell\AppData\Roaming
	ASL.LOG=Destination=file
	CHROME_CRASHPAD_PIPE_NAME=\\.\pipe\crashpad_4004_CTYZEPQXLYDVVFAK
	CODEIUM_EDITOR_APP_ROOT=c:\Users\dell\AppData\Local\Programs\Windsurf\resources\app
	COMMONPROGRAMFILES=C:\Program Files\Common Files
	COMMONPROGRAMFILES(X86)=C:\Program Files (x86)\Common Files
	COMMONPROGRAMW6432=C:\Program Files\Common Files
	COMPUTERNAME=XPS
	COMSPEC=C:\Windows\system32\cmd.exe
	DRIVERDATA=C:\Windows\System32\Drivers\DriverData
	ELECTRON_RUN_AS_NODE=1
	HOMEDRIVE=C:
	HOMEPATH=\Users\dell
	LOCALAPPDATA=C:\Users\dell\AppData\Local
	LOGONSERVER=\\XPS
	NUMBER_OF_PROCESSORS=8
	ONEDRIVE=C:\Users\dell\OneDrive
	ORIGINAL_XDG_CURRENT_DESKTOP=undefined
	OS=Windows_NT
	PATH=C:\Windows\system32;C:\Windows;C:\Windows\System32\Wbem;C:\Windows\System32\WindowsPowerShell\v1.0\;C:\Windows\System32\OpenSSH\;C:\Program Files\dotnet\;C:\Program Files (x86)\Intel\Intel(R) Management Engine Components\DAL;C:\Program Files\Intel\Intel(R) Management Engine Components\DAL;C:\Program Files (x86)\NVIDIA Corporation\PhysX\Common;C:\Program Files (x86)\QuickTime\QTSystem\;C:\Users\dell\AppData\Local\Microsoft\WindowsApps;C:\Users\dell\AppData\Local\Programs\Microsoft VS Code\bin;C:\adb;C:\Users\dell\AppData\Local\Microsoft\WindowsApps;C:\Users\dell\AppData\Local\Programs\Microsoft VS Code\bin;C:\Users\dell\AppData\Local\Programs\Windsurf\bin
	PATHEXT=.COM;.EXE;.BAT;.CMD;.VBS;.VBE;.JS;.JSE;.WSF;.WSH;.MSC;.CPL
	PROCESSOR_ARCHITECTURE=AMD64
	PROCESSOR_IDENTIFIER=Intel64 Family 6 Model 158 Stepping 9, GenuineIntel
	PROCESSOR_LEVEL=6
	PROCESSOR_REVISION=9e09
	PROGRAMDATA=C:\ProgramData
	PROGRAMFILES=C:\Program Files
	PROGRAMFILES(X86)=C:\Program Files (x86)
	PROGRAMW6432=C:\Program Files
	PSMODULEPATH=C:\Users\dell\Documents\WindowsPowerShell\Modules;C:\Program Files\WindowsPowerShell\Modules;C:\Windows\system32\WindowsPowerShell\v1.0\Modules
	PUBLIC=C:\Users\Public
	SESSIONNAME=Console
	SYSTEMDRIVE=C:
	SYSTEMROOT=C:\Windows
	TEMP=C:\Users\dell\AppData\Local\Temp
	TMP=C:\Users\dell\AppData\Local\Temp
	USERDOMAIN=XPS
	USERDOMAIN_ROAMINGPROFILE=XPS
	USERNAME=dell
	USERPROFILE=C:\Users\dell
	VBOX_MSI_INSTALL_PATH=C:\Program Files\Oracle\VirtualBox\
	VSCODE_CODE_CACHE_PATH=C:\Users\dell\AppData\Roaming\Windsurf\CachedData\94ec85969ebc38d14c35c87a0284fafd84bff116
	VSCODE_CRASH_REPORTER_PROCESS_TYPE=extensionHost
	VSCODE_CWD=C:\Users\dell\AppData\Local\Programs\Windsurf
	VSCODE_ESM_ENTRYPOINT=vs/workbench/api/node/extensionHostProcess
	VSCODE_HANDLES_UNCAUGHT_ERRORS=true
	VSCODE_IPC_HOOK=\\.\pipe\c5a32e02-1.105.0-main-sock
	VSCODE_L10N_BUNDLE_LOCATION=
	VSCODE_NLS_CONFIG={"userLocale":"en-us","osLocale":"en-se","resolvedLanguage":"en","defaultMessagesFile":"C:\\Users\\dell\\AppData\\Local\\Programs\\Windsurf\\resources\\app\\out\\nls.messages.json","locale":"en-us","availableLanguages":{}}
	VSCODE_PID=4004
	WINDIR=C:\Windows
	ZES_ENABLE_SYSMAN=1

pyproject.toml:
[build-system]
requires = ["briefcase"]

[tool.briefcase]
project_name = "Tommy's Splitter"
bundle = "org.tommyssplitter"
version = "1.0.0"
url = "https://github.com/tommy/splitter"
license = "MIT"
author = "Tommy"
author_email = "tommy@example.com"

[tool.briefcase.app.tommyssplitter]
formal_name = "Tommy's Splitter"
description = "Split PostNord PDF labels perfectly for printing"
long_description = """Tommy's Splitter automatically crops the right-side label from PostNord PDF files, positioning it perfectly for printing. No more manual cutting or alignment issues!

Perfect for GrapheneOS users who value privacy - works completely offline with no tracking."""
sources = ["tommyssplitter"]
requires = [
    "PyPDF2>=3.0.0",
    "toga>=0.4.0",
]

[tool.briefcase.app.tommyssplitter.android]
requires = [
    "PyPDF2>=3.0.0",
    "toga>=0.4.0",
]
build_gradle_dependencies = []
permissions = [
    "android.permission.READ_EXTERNAL_STORAGE",
    "android.permission.WRITE_EXTERNAL_STORAGE",
]

[tool.briefcase.app.tommyssplitter.android.gradle]
android_api_level = 33
min_sdk_version = 21

Briefcase Log:
[19:34:11]                                                                                                                                                             config.py:666
           *************************************************************************                                                                                   config.py:666
           ** WARNING: License Definition for the Project is Deprecated           **                                                                                   config.py:666
[19:34:12] *************************************************************************                                                                                   config.py:666
                                                                                                                                                                       config.py:666
               Briefcase now uses PEP 621 format for license definitions.                                                                                              config.py:666
                                                                                                                                                                       config.py:666
               Previously, the name of the license was assigned to the 'license'                                                                                       config.py:666
               field in pyproject.toml. For PEP 621, the name of the license is                                                                                        config.py:666
               assigned to 'license.text' or the name of the file containing the                                                                                       config.py:666
               license is assigned to 'license.file'.                                                                                                                  config.py:666
                                                                                                                                                                       config.py:666
               The current configuration for the Project has a 'license' field                                                                                         config.py:666
               that is specified as a string:                                                                                                                          config.py:666
                                                                                                                                                                       config.py:666
                   license = "MIT"                                                                                                                                     config.py:666
                                                                                                                                                                       config.py:666
               To use the PEP 621 format (and to remove this warning), specify that                                                                                    config.py:666
               the LICENSE file contains the license for the Project:                                                                                                  config.py:666
                                                                                                                                                                       config.py:666
                   license.file = "LICENSE"                                                                                                                            config.py:666
                                                                                                                                                                       config.py:666
           *************************************************************************                                                                                   config.py:666
                                                                                                                                                                      __main__.py:42
           Briefcase requires git, but it is not installed (or is not on your PATH). Visit:                                                                           __main__.py:43
                                                                                                                                                                      __main__.py:43
               https://git-scm.com/                                                                                                                                   __main__.py:43
                                                                                                                                                                      __main__.py:43
           to download and install git manually.                                                                                                                      __main__.py:43
                                                                                                                                                                      __main__.py:43
           If you have installed git recently and are still getting this error, you may                                                                               __main__.py:43
           need to restart your terminal session.                                                                                                                     __main__.py:43
           Saving log... started                                                                                                                                      console.py:438

Main thread traceback:
┌─────────────────────────────────────────────────────────────────────── Traceback (most recent call last) ────────────────────────────────────────────────────────────────────────┐
│ C:\Users\dell\AppData\Local\Programs\Python\Python313\Lib\site-packages\git\__init__.py:296 in <module>                                                                          │
│                                                                                                                                                                                  │
│   293                                                                                                                                                                            │
│   294                                                                                                                                                                            │
│   295 try:                                                                                                                                                                       │
│ > 296 │   refresh()                                                                                                                                                              │
│   297 except Exception as _exc:                                                                                                                                                  │
│   298 │   raise ImportError("Failed to initialize: {0}".format(_exc)) from _exc                                                                                                  │
│   299                                                                                                                                                                            │
│                                                                                                                                                                                  │
│ ┌───────────────────────────────────────────────────────────────────────── locals ──────────────────────────────────────────────────────────────────────────┐                    │
│ │           cmd = <module 'git.cmd' from 'C:\\Users\\dell\\AppData\\Local\\Programs\\Python\\Python313\\Lib\\site-packages\\git\\cmd.py'>                   │                    │
│ │        compat = <module 'git.compat' from 'C:\\Users\\dell\\AppData\\Local\\Programs\\Python\\Python313\\Lib\\site-packages\\git\\compat.py'>             │                    │
│ │        config = <module 'git.config' from 'C:\\Users\\dell\\AppData\\Local\\Programs\\Python\\Python313\\Lib\\site-packages\\git\\config.py'>             │                    │
│ │            db = <module 'git.db' from 'C:\\Users\\dell\\AppData\\Local\\Programs\\Python\\Python313\\Lib\\site-packages\\git\\db.py'>                     │                    │
│ │          diff = <module 'git.diff' from 'C:\\Users\\dell\\AppData\\Local\\Programs\\Python\\Python313\\Lib\\site-packages\\git\\diff.py'>                 │                    │
│ │           exc = <module 'git.exc' from 'C:\\Users\\dell\\AppData\\Local\\Programs\\Python\\Python313\\Lib\\site-packages\\git\\exc.py'>                   │                    │
│ │        GIT_OK = False                                                                                                                                     │                    │
│ │         INDEX = <DiffConstants.INDEX: 2>                                                                                                                  │                    │
│ │         index = <module 'git.index' from 'C:\\Users\\dell\\AppData\\Local\\Programs\\Python\\Python313\\Lib\\site-packages\\git\\index\\__init__.py'>     │                    │
│ │          List = typing.List                                                                                                                               │                    │
│ │     NULL_TREE = <DiffConstants.NULL_TREE: 1>                                                                                                              │                    │
│ │       objects = <module 'git.objects' from 'C:\\Users\\dell\\AppData\\Local\\Programs\\Python\\Python313\\Lib\\site-packages\\git\\objects\\__init__.py'> │                    │
│ │      Optional = typing.Optional                                                                                                                           │                    │
│ │      PathLike = typing.Union[str, ForwardRef('os.PathLike[str]')]                                                                                         │                    │
│ │          refs = <module 'git.refs' from 'C:\\Users\\dell\\AppData\\Local\\Programs\\Python\\Python313\\Lib\\site-packages\\git\\refs\\__init__.py'>       │                    │
│ │        remote = <module 'git.remote' from 'C:\\Users\\dell\\AppData\\Local\\Programs\\Python\\Python313\\Lib\\site-packages\\git\\remote.py'>             │                    │
│ │          repo = <module 'git.repo' from 'C:\\Users\\dell\\AppData\\Local\\Programs\\Python\\Python313\\Lib\\site-packages\\git\\repo\\__init__.py'>       │                    │
│ │      Sequence = typing.Sequence                                                                                                                           │                    │
│ │         Tuple = typing.Tuple                                                                                                                              │                    │
│ │ TYPE_CHECKING = False                                                                                                                                     │                    │
│ │         types = <module 'git.types' from 'C:\\Users\\dell\\AppData\\Local\\Programs\\Python\\Python313\\Lib\\site-packages\\git\\types.py'>               │                    │
│ │         Union = typing.Union                                                                                                                              │                    │
│ │      warnings = <module 'warnings' from 'C:\\Users\\dell\\AppData\\Local\\Programs\\Python\\Python313\\Lib\\warnings.py'>                                 │                    │
│ └───────────────────────────────────────────────────────────────────────────────────────────────────────────────────────────────────────────────────────────┘                    │
│                                                                                                                                                                                  │
│ C:\Users\dell\AppData\Local\Programs\Python\Python313\Lib\site-packages\git\__init__.py:287 in refresh                                                                           │
│                                                                                                                                                                                  │
│   284 │   global GIT_OK                                                                        ┌── locals ───┐                                                                   │
│   285 │   GIT_OK = False                                                                       │ path = None │                                                                   │
│   286 │                                                                                        └─────────────┘                                                                   │
│ > 287 │   if not Git.refresh(path=path):                                                                                                                                         │
│   288 │   │   return                                                                                                                                                             │
│   289 │   if not FetchInfo.refresh():  # noqa: F405                                                                                                                              │
│   290 │   │   return  # type: ignore[unreachable]                                                                                                                                │
│                                                                                                                                                                                  │
│ C:\Users\dell\AppData\Local\Programs\Python\Python313\Lib\site-packages\git\cmd.py:860 in refresh                                                                                │
│                                                                                                                                                                                  │
│    857 │   │   │   │   │   if mode in warn:                                                                                                                                      │
│    858 │   │   │   │   │   │   _logger.critical(err)                                                                                                                             │
│    859 │   │   │   │   │   else:                                                                                                                                                 │
│ >  860 │   │   │   │   │   │   raise ImportError(err)                                                                                                                            │
│    861 │   │   │   │   else:                                                                                                                                                     │
│    862 │   │   │   │   │   err = dedent(                                                                                                                                         │
│    863 │   │   │   │   │   │   """\                                                                                                                                              │
│                                                                                                                                                                                  │
│ ┌────────────────────────────────────────────────── locals ───────────────────────────────────────────────────┐                                                                  │
│ │               err = 'Bad git executable.\nThe git executable must be specified in one of the following'+633 │                                                                  │
│ │             error = ['error', 'e', 'exception', 'raise', 'r', '2']                                          │                                                                  │
│ │           has_git = False                                                                                   │                                                                  │
│ │              mode = 'raise'                                                                                 │                                                                  │
│ │           new_git = 'git'                                                                                   │                                                                  │
│ │           old_git = None                                                                                    │                                                                  │
│ │ old_refresh_token = <object object at 0x000002523D681C70>                                                   │                                                                  │
│ │              path = None                                                                                    │                                                                  │
│ │             quiet = ['quiet', 'q', 'silence', 's', 'silent', 'none', 'n', '0']                              │                                                                  │
│ │              warn = ['warn', 'w', 'warning', 'log', 'l', '1']                                               │                                                                  │
│ └─────────────────────────────────────────────────────────────────────────────────────────────────────────────┘                                                                  │
└──────────────────────────────────────────────────────────────────────────────────────────────────────────────────────────────────────────────────────────────────────────────────┘
ImportError: Bad git executable.
The git executable must be specified in one of the following ways:
    - be included in your $PATH
    - be set via $GIT_PYTHON_GIT_EXECUTABLE
    - explicitly set via git.refresh(<full-path-to-git-executable>)

All git commands will error until this is rectified.

This initial message can be silenced or aggravated in the future by setting the
$GIT_PYTHON_REFRESH environment variable. Use one of the following values:
    - quiet|q|silence|s|silent|none|n|0: for no message or exception
    - warn|w|warning|log|l|1: for a warning message (logging level CRITICAL, displayed by default)
    - error|e|exception|raise|r|2: for a raised exception

Example:
    export GIT_PYTHON_REFRESH=quiet


The above exception was the direct cause of the following exception:

┌─────────────────────────────────────────────────────────────────────── Traceback (most recent call last) ────────────────────────────────────────────────────────────────────────┐
│ C:\Users\dell\AppData\Local\Programs\Python\Python313\Lib\site-packages\briefcase\integrations\git.py:40 in verify_install                                                       │
│                                                                                                                                                                                  │
│   37 │   │                                                                                    ┌─────────────────────────────────── locals ────────────────────────────────────┐  │
│   38 │   │   # Check whether the git executable could be imported.                            │ kwargs = {'app': None}                                                        │  │
│   39 │   │   try:                                                                             │  tools = <briefcase.integrations.base.ToolCache object at 0x0000025241519550> │  │
│ > 40 │   │   │   import git                                                                   └───────────────────────────────────────────────────────────────────────────────┘  │
│   41 │   │   except ImportError as e:  # pragma: no cover                                                                                                                        │
│   42 │   │   │   # macOS provides git as part of the Xcode command line tools,                                                                                                   │
│   43 │   │   │   # and also hijacks /usr/bin/git with a trigger that prompts the                                                                                                 │
│                                                                                                                                                                                  │
│ C:\Users\dell\AppData\Local\Programs\Python\Python313\Lib\site-packages\git\__init__.py:298 in <module>                                                                          │
│                                                                                                                                                                                  │
│   295 try:                                                                                                                                                                       │
│   296 │   refresh()                                                                                                                                                              │
│   297 except Exception as _exc:                                                                                                                                                  │
│ > 298 │   raise ImportError("Failed to initialize: {0}".format(_exc)) from _exc                                                                                                  │
│   299                                                                                                                                                                            │
│   300 # } END initialize git executable path                                                                                                                                     │
│   301                                                                                                                                                                            │
│                                                                                                                                                                                  │
│ ┌───────────────────────────────────────────────────────────────────────── locals ──────────────────────────────────────────────────────────────────────────┐                    │
│ │           cmd = <module 'git.cmd' from 'C:\\Users\\dell\\AppData\\Local\\Programs\\Python\\Python313\\Lib\\site-packages\\git\\cmd.py'>                   │                    │
│ │        compat = <module 'git.compat' from 'C:\\Users\\dell\\AppData\\Local\\Programs\\Python\\Python313\\Lib\\site-packages\\git\\compat.py'>             │                    │
│ │        config = <module 'git.config' from 'C:\\Users\\dell\\AppData\\Local\\Programs\\Python\\Python313\\Lib\\site-packages\\git\\config.py'>             │                    │
│ │            db = <module 'git.db' from 'C:\\Users\\dell\\AppData\\Local\\Programs\\Python\\Python313\\Lib\\site-packages\\git\\db.py'>                     │                    │
│ │          diff = <module 'git.diff' from 'C:\\Users\\dell\\AppData\\Local\\Programs\\Python\\Python313\\Lib\\site-packages\\git\\diff.py'>                 │                    │
│ │           exc = <module 'git.exc' from 'C:\\Users\\dell\\AppData\\Local\\Programs\\Python\\Python313\\Lib\\site-packages\\git\\exc.py'>                   │                    │
│ │        GIT_OK = False                                                                                                                                     │                    │
│ │         INDEX = <DiffConstants.INDEX: 2>                                                                                                                  │                    │
│ │         index = <module 'git.index' from 'C:\\Users\\dell\\AppData\\Local\\Programs\\Python\\Python313\\Lib\\site-packages\\git\\index\\__init__.py'>     │                    │
│ │          List = typing.List                                                                                                                               │                    │
│ │     NULL_TREE = <DiffConstants.NULL_TREE: 1>                                                                                                              │                    │
│ │       objects = <module 'git.objects' from 'C:\\Users\\dell\\AppData\\Local\\Programs\\Python\\Python313\\Lib\\site-packages\\git\\objects\\__init__.py'> │                    │
│ │      Optional = typing.Optional                                                                                                                           │                    │
│ │      PathLike = typing.Union[str, ForwardRef('os.PathLike[str]')]                                                                                         │                    │
│ │          refs = <module 'git.refs' from 'C:\\Users\\dell\\AppData\\Local\\Programs\\Python\\Python313\\Lib\\site-packages\\git\\refs\\__init__.py'>       │                    │
│ │        remote = <module 'git.remote' from 'C:\\Users\\dell\\AppData\\Local\\Programs\\Python\\Python313\\Lib\\site-packages\\git\\remote.py'>             │                    │
│ │          repo = <module 'git.repo' from 'C:\\Users\\dell\\AppData\\Local\\Programs\\Python\\Python313\\Lib\\site-packages\\git\\repo\\__init__.py'>       │                    │
│ │      Sequence = typing.Sequence                                                                                                                           │                    │
│ │         Tuple = typing.Tuple                                                                                                                              │                    │
│ │ TYPE_CHECKING = False                                                                                                                                     │                    │
│ │         types = <module 'git.types' from 'C:\\Users\\dell\\AppData\\Local\\Programs\\Python\\Python313\\Lib\\site-packages\\git\\types.py'>               │                    │
│ │         Union = typing.Union                                                                                                                              │                    │
│ │      warnings = <module 'warnings' from 'C:\\Users\\dell\\AppData\\Local\\Programs\\Python\\Python313\\Lib\\warnings.py'>                                 │                    │
│ └───────────────────────────────────────────────────────────────────────────────────────────────────────────────────────────────────────────────────────────┘                    │
└──────────────────────────────────────────────────────────────────────────────────────────────────────────────────────────────────────────────────────────────────────────────────┘
ImportError: Failed to initialize: Bad git executable.
The git executable must be specified in one of the following ways:
    - be included in your $PATH
    - be set via $GIT_PYTHON_GIT_EXECUTABLE
    - explicitly set via git.refresh(<full-path-to-git-executable>)

All git commands will error until this is rectified.

This initial message can be silenced or aggravated in the future by setting the
$GIT_PYTHON_REFRESH environment variable. Use one of the following values:
    - quiet|q|silence|s|silent|none|n|0: for no message or exception
    - warn|w|warning|log|l|1: for a warning message (logging level CRITICAL, displayed by default)
    - error|e|exception|raise|r|2: for a raised exception

Example:
    export GIT_PYTHON_REFRESH=quiet


The above exception was the direct cause of the following exception:

┌─────────────────────────────────────────────────────────────────────── Traceback (most recent call last) ────────────────────────────────────────────────────────────────────────┐
│ C:\Users\dell\AppData\Local\Programs\Python\Python313\Lib\site-packages\briefcase\__main__.py:27 in main                                                                         │
│                                                                                                                                                                                  │
│   24 │   │   │   Path.cwd() / "pyproject.toml",                                                                                                                                  │
│   25 │   │   │   overrides=overrides,                                                                                                                                            │
│   26 │   │   )                                                                                                                                                                   │
│ > 27 │   │   command(**options)                                                                                                                                                  │
│   28 │   except HelpText as e:                                                                                                                                                   │
│   29 │   │   console.info()                                                                                                                                                      │
│   30 │   │   console.info(str(e))                                                                                                                                                │
│                                                                                                                                                                                  │
│ ┌─────────────────────────────────────────────────────────────────────────────────── locals ───────────────────────────────────────────────────────────────────────────────────┐ │
│ │       command = <briefcase.platforms.android.gradle.GradleCreateCommand object at 0x00000252415186E0>                                                                        │ │
│ │       console = <briefcase.console.Console object at 0x000002523DFC2A50>                                                                                                     │ │
│ │             e = BriefcaseCommandError('Briefcase requires git, but it is not installed (or is not on your PATH). Visit:\n\n    https://git-scm.com/\n\nto download and       │ │
│ │                 install git manually.\n\nIf you have installed git recently and are still getting this error, you may\nneed to restart your terminal session.\n')            │ │
│ │ extra_cmdline = []                                                                                                                                                           │ │
│ │       options = {}                                                                                                                                                           │ │
│ │     overrides = {}                                                                                                                                                           │ │
│ │        result = 200                                                                                                                                                          │ │
│ └──────────────────────────────────────────────────────────────────────────────────────────────────────────────────────────────────────────────────────────────────────────────┘ │
│                                                                                                                                                                                  │
│ C:\Users\dell\AppData\Local\Programs\Python\Python313\Lib\site-packages\briefcase\commands\create.py:1010 in __call__                                                            │
│                                                                                                                                                                                  │
│   1007 │   ) -> dict | None:                                                                                                                                                     │
│   1008 │   │   # Confirm host compatibility, that all required tools are available,                                                                                              │
│   1009 │   │   # and that the app configuration is finalized.                                                                                                                    │
│ > 1010 │   │   self.finalize(app)                                                                                                                                                │
│   1011 │   │                                                                                                                                                                     │
│   1012 │   │   if app_name:                                                                                                                                                      │
│   1013 │   │   │   try:                                                                                                                                                          │
│                                                                                                                                                                                  │
│ ┌───────────────────────────────────────────── locals ─────────────────────────────────────────────┐                                                                             │
│ │      app = None                                                                                  │                                                                             │
│ │ app_name = None                                                                                  │                                                                             │
│ │  options = {}                                                                                    │                                                                             │
│ │     self = <briefcase.platforms.android.gradle.GradleCreateCommand object at 0x00000252415186E0> │                                                                             │
│ └──────────────────────────────────────────────────────────────────────────────────────────────────┘                                                                             │
│                                                                                                                                                                                  │
│ C:\Users\dell\AppData\Local\Programs\Python\Python313\Lib\site-packages\briefcase\commands\base.py:701 in finalize                                                               │
│                                                                                                                                                                                  │
│    698 │   │   │   to finalize. By default, all apps will be finalized.                                                                                                          │
│    699 │   │   """                                                                                                                                                               │
│    700 │   │   self.verify_host()                                                                                                                                                │
│ >  701 │   │   self.verify_tools()                                                                                                                                               │
│    702 │   │                                                                                                                                                                     │
│    703 │   │   apps = self.apps.values() if app is None else [app]                                                                                                               │
│    704 │   │   for app in apps:                                                                                                                                                  │
│                                                                                                                                                                                  │
│ ┌───────────────────────────────────────────── locals ──────────────────────────────────────────────┐                                                                            │
│ │       app = None                                                                                  │                                                                            │
│ │      self = <briefcase.platforms.android.gradle.GradleCreateCommand object at 0x00000252415186E0> │                                                                            │
│ │ test_mode = False                                                                                 │                                                                            │
│ └───────────────────────────────────────────────────────────────────────────────────────────────────┘                                                                            │
│                                                                                                                                                                                  │
│ C:\Users\dell\AppData\Local\Programs\Python\Python313\Lib\site-packages\briefcase\platforms\android\gradle.py:146 in verify_tools                                                │
│                                                                                                                                                                                  │
│   143 │   def verify_tools(self):                                                                                                                                                │
│   144 │   │   """Verify that the Android APK tools in `briefcase` will operate on this system,                                                                                   │
│   145 │   │   downloading tools as needed."""                                                                                                                                    │
│ > 146 │   │   super().verify_tools()                                                                                                                                             │
│   147 │   │   AndroidSDK.verify(tools=self.tools)                                                                                                                                │
│   148 │   │   if not self.is_clone:                                                                                                                                              │
│   149 │   │   │   self.console.add_log_file_extra(self.tools.android_sdk.list_packages)                                                                                          │
│                                                                                                                                                                                  │
│ ┌─────────────────────────────────────────── locals ───────────────────────────────────────────┐                                                                                 │
│ │ self = <briefcase.platforms.android.gradle.GradleCreateCommand object at 0x00000252415186E0> │                                                                                 │
│ └──────────────────────────────────────────────────────────────────────────────────────────────┘                                                                                 │
│                                                                                                                                                                                  │
│ C:\Users\dell\AppData\Local\Programs\Python\Python313\Lib\site-packages\briefcase\commands\create.py:995 in verify_tools                                                         │
│                                                                                                                                                                                  │
│    992 │   │   Raises MissingToolException if a required system tool is missing.                                                                                                 │
│    993 │   │   """                                                                                                                                                               │
│    994 │   │   super().verify_tools()                                                                                                                                            │
│ >  995 │   │   Git.verify(tools=self.tools)                                                                                                                                      │
│    996 │                                                                                                                                                                         │
│    997 │   def verify_app_tools(self, app: AppConfig):                                                                                                                           │
│    998 │   │   """Verify that tools needed to run the command for this app exist."""                                                                                             │
│                                                                                                                                                                                  │
│ ┌─────────────────────────────────────────── locals ───────────────────────────────────────────┐                                                                                 │
│ │ self = <briefcase.platforms.android.gradle.GradleCreateCommand object at 0x00000252415186E0> │                                                                                 │
│ └──────────────────────────────────────────────────────────────────────────────────────────────┘                                                                                 │
│                                                                                                                                                                                  │
│ C:\Users\dell\AppData\Local\Programs\Python\Python313\Lib\site-packages\briefcase\integrations\base.py:78 in verify                                                              │
│                                                                                                                                                                                  │
│    75 │   ) -> ToolT:                                                                          ┌─────────────────────────────────── locals ────────────────────────────────────┐ │
│    76 │   │   """Confirm the tool is available and usable on the host platform."""             │    app = None                                                                 │ │
│    77 │   │   cls.verify_host(tools=tools)                                                     │ kwargs = {}                                                                   │ │
│ >  78 │   │   tool = cls.verify_install(tools=tools, app=app, **kwargs)                        │  tools = <briefcase.integrations.base.ToolCache object at 0x0000025241519550> │ │
│    79 │   │   return tool                                                                      └───────────────────────────────────────────────────────────────────────────────┘ │
│    80 │                                                                                                                                                                          │
│    81 │   @classmethod                                                                                                                                                           │
│                                                                                                                                                                                  │
│ C:\Users\dell\AppData\Local\Programs\Python\Python313\Lib\site-packages\briefcase\integrations\git.py:65 in verify_install                                                       │
│                                                                                                                                                                                  │
│   62 │   │   │   │   ) from e                                                                 ┌─────────────────────────────────── locals ────────────────────────────────────┐  │
│   63 │   │   │                                                                                │ kwargs = {'app': None}                                                        │  │
│   64 │   │   │   else:                                                                        │  tools = <briefcase.integrations.base.ToolCache object at 0x0000025241519550> │  │
│ > 65 │   │   │   │   raise BriefcaseCommandError(                                             └───────────────────────────────────────────────────────────────────────────────┘  │
│   66 │   │   │   │   │   f"""\                                                                                                                                                   │
│   67 Briefcase requires git, but it is not installed (or is not on your PATH). Visit:                                                                                            │
│   68                                                                                                                                                                             │
└──────────────────────────────────────────────────────────────────────────────────────────────────────────────────────────────────────────────────────────────────────────────────┘
BriefcaseCommandError: Briefcase requires git, but it is not installed (or is not on your PATH). Visit:

    https://git-scm.com/

to download and install git manually.

If you have installed git recently and are still getting this error, you may
need to restart your terminal session.

